起始時間

TIME                                                                            
-------------------                                                             
2003/11/07 09:08:30                                                             

CD001 ~ CD010
DROP MATERIALIZED VIEW LOG ON BEST_LSC.CD000 
*
 ERROR 在行 1:
ORA-12002: 沒有快照日誌在表格 "BEST_LSC"."CD000" 



瞬間拷貝日誌已被廢棄


瞬間拷貝日誌已被廢棄


瞬間拷貝日誌已被廢棄


瞬間拷貝日誌已被廢棄


瞬間拷貝日誌已被廢棄


瞬間拷貝日誌已被廢棄


瞬間拷貝日誌已被廢棄


瞬間拷貝日誌已被廢棄


瞬間拷貝日誌已被廢棄


瞬間拷貝日誌已被廢棄


瞬間拷貝日誌已被廢棄


瞬間拷貝日誌已被廢棄


瞬間拷貝日誌已被廢棄


瞬間拷貝日誌已被廢棄


瞬間拷貝日誌已被廢棄


瞬間拷貝日誌已被廢棄


瞬間拷貝日誌已被廢棄

CD011 ~ Cd020

瞬間拷貝日誌已被廢棄


瞬間拷貝日誌已被廢棄


瞬間拷貝日誌已被廢棄


瞬間拷貝日誌已被廢棄


瞬間拷貝日誌已被廢棄


瞬間拷貝日誌已被廢棄


瞬間拷貝日誌已被廢棄


瞬間拷貝日誌已被廢棄


瞬間拷貝日誌已被廢棄


瞬間拷貝日誌已被廢棄


瞬間拷貝日誌已被廢棄

DROP MATERIALIZED VIEW LOG ON BEST_LSC.CD019A 
*
 ERROR 在行 1:
ORA-12002: 沒有快照日誌在表格 "BEST_LSC"."CD019A" 



瞬間拷貝日誌已被廢棄


瞬間拷貝日誌已被廢棄


瞬間拷貝日誌已被廢棄

CD021 ~ Cd030

瞬間拷貝日誌已被廢棄


瞬間拷貝日誌已被廢棄


瞬間拷貝日誌已被廢棄


瞬間拷貝日誌已被廢棄


瞬間拷貝日誌已被廢棄

DROP MATERIALIZED VIEW LOG ON BEST_LSC.CD024A 
*
 ERROR 在行 1:
ORA-12002: 沒有快照日誌在表格 "BEST_LSC"."CD024A" 



瞬間拷貝日誌已被廢棄


瞬間拷貝日誌已被廢棄

DROP MATERIALIZED VIEW LOG ON BEST_LSC.CD027 
*
 ERROR 在行 1:
ORA-12002: 沒有快照日誌在表格 "BEST_LSC"."CD027" 


DROP MATERIALIZED VIEW LOG ON BEST_LSC.CD027A 
*
 ERROR 在行 1:
ORA-12002: 沒有快照日誌在表格 "BEST_LSC"."CD027A" 


DROP MATERIALIZED VIEW LOG ON BEST_LSC.CD027B 
*
 ERROR 在行 1:
ORA-12002: 沒有快照日誌在表格 "BEST_LSC"."CD027B" 


DROP MATERIALIZED VIEW LOG ON BEST_LSC.CD027C 
*
 ERROR 在行 1:
ORA-12002: 沒有快照日誌在表格 "BEST_LSC"."CD027C" 


DROP MATERIALIZED VIEW LOG ON BEST_LSC.CD027D 
*
 ERROR 在行 1:
ORA-12002: 沒有快照日誌在表格 "BEST_LSC"."CD027D" 


DROP MATERIALIZED VIEW LOG ON BEST_LSC.CD028 
*
 ERROR 在行 1:
ORA-12002: 沒有快照日誌在表格 "BEST_LSC"."CD028" 


DROP MATERIALIZED VIEW LOG ON BEST_LSC.CD029 
*
 ERROR 在行 1:
ORA-12002: 沒有快照日誌在表格 "BEST_LSC"."CD029" 



瞬間拷貝日誌已被廢棄

CD031 ~ Cd040

瞬間拷貝日誌已被廢棄


瞬間拷貝日誌已被廢棄


瞬間拷貝日誌已被廢棄


瞬間拷貝日誌已被廢棄


瞬間拷貝日誌已被廢棄


瞬間拷貝日誌已被廢棄


瞬間拷貝日誌已被廢棄


瞬間拷貝日誌已被廢棄


瞬間拷貝日誌已被廢棄


瞬間拷貝日誌已被廢棄

CD041 ~ Cd050

瞬間拷貝日誌已被廢棄


瞬間拷貝日誌已被廢棄


瞬間拷貝日誌已被廢棄


瞬間拷貝日誌已被廢棄


瞬間拷貝日誌已被廢棄


瞬間拷貝日誌已被廢棄


瞬間拷貝日誌已被廢棄

DROP MATERIALIZED VIEW LOG ON BEST_LSC.CD048 
*
 ERROR 在行 1:
ORA-12002: 沒有快照日誌在表格 "BEST_LSC"."CD048" 


DROP MATERIALIZED VIEW LOG ON BEST_LSC.CD048A 
*
 ERROR 在行 1:
ORA-12002: 沒有快照日誌在表格 "BEST_LSC"."CD048A" 



瞬間拷貝日誌已被廢棄


瞬間拷貝日誌已被廢棄

Cd051 以後

瞬間拷貝日誌已被廢棄


瞬間拷貝日誌已被廢棄


瞬間拷貝日誌已被廢棄


瞬間拷貝日誌已被廢棄

DROP MATERIALIZED VIEW LOG ON BEST_LSC.CD055 
*
 ERROR 在行 1:
ORA-12002: 沒有快照日誌在表格 "BEST_LSC"."CD055" 



瞬間拷貝日誌已被廢棄


瞬間拷貝日誌已被廢棄

輸入值被截斷成 45 個字元
  2  
SQL> 
SQL> 
SQL> 
SQL> 
SQL> 
SQL> 
SQL> DROP MATERIALIZED VIEW LOG ON BEST_LSC.CD056 ;
DROP MATERIALIZED VIEW LOG ON BEST_LSC.CD056 
*
 ERROR 在行 1:
ORA-12002: 沒有快照日誌在表格 "BEST_LSC"."CD056" 


SQL> DROP MATERIALIZED VIEW LOG ON BEST_LSC.CD057 ;
DROP MATERIALIZED VIEW LOG ON BEST_LSC.CD057 
*
 ERROR 在行 1:
ORA-12002: 沒有快照日誌在表格 "BEST_LSC"."CD057" 


SQL> DROP MATERIALIZED VIEW LOG ON BEST_LSC.CD058 ;

瞬間拷貝日誌已被廢棄

SQL> DROP MATERIALIZED VIEW LOG ON BEST_LSC.CD059 ;

瞬間拷貝日誌已被廢棄

SQL> DROP MATERIALIZED VIEW LOG ON BEST_LSC.CD060 ;

瞬間拷貝日誌已被廢棄

SQL> DROP MATERIALIZED VIEW LOG ON BEST_LSC.CD061 ;
DROP MATERIALIZED VIEW LOG ON BEST_LSC.CD061 
*
 ERROR 在行 1:
ORA-12002: 沒有快照日誌在表格 "BEST_LSC"."CD061" 


SQL> DROP MATERIALIZED VIEW LOG ON BEST_LSC.CM001 ;

瞬間拷貝日誌已被廢棄

SQL> DROP MATERIALIZED VIEW LOG ON BEST_LSC.CM002 ;

瞬間拷貝日誌已被廢棄

SQL> DROP MATERIALIZED VIEW LOG ON BEST_LSC.CM003 ;

瞬間拷貝日誌已被廢棄

SQL> DROP MATERIALIZED VIEW LOG ON BEST_LSC.CM004 ;

瞬間拷貝日誌已被廢棄

SQL> DROP MATERIALIZED VIEW LOG ON BEST_LSC.CM005 ;

瞬間拷貝日誌已被廢棄

SQL> 
SQL> 
SQL> 
SQL> 
SQL> DROP MATERIALIZED VIEW LOG ON BEST_LSC.SO001 ;
DROP MATERIALIZED VIEW LOG ON BEST_LSC.SO001 
*
 ERROR 在行 1:
ORA-12002: 沒有快照日誌在表格 "BEST_LSC"."SO001" 


SQL> DROP MATERIALIZED VIEW LOG ON BEST_LSC.SO002 ;
DROP MATERIALIZED VIEW LOG ON BEST_LSC.SO002 
*
 ERROR 在行 1:
ORA-12002: 沒有快照日誌在表格 "BEST_LSC"."SO002" 


SQL> DROP MATERIALIZED VIEW LOG ON BEST_LSC.SO002A ;
DROP MATERIALIZED VIEW LOG ON BEST_LSC.SO002A 
*
 ERROR 在行 1:
ORA-12002: 沒有快照日誌在表格 "BEST_LSC"."SO002A" 


SQL> DROP MATERIALIZED VIEW LOG ON BEST_LSC.SO003 ;

瞬間拷貝日誌已被廢棄

SQL> DROP MATERIALIZED VIEW LOG ON BEST_LSC.SO004 ;

瞬間拷貝日誌已被廢棄

SQL> DROP MATERIALIZED VIEW LOG ON BEST_LSC.SO005 ;

瞬間拷貝日誌已被廢棄

SQL> DROP MATERIALIZED VIEW LOG ON BEST_LSC.SO006 ;

瞬間拷貝日誌已被廢棄

SQL> DROP MATERIALIZED VIEW LOG ON BEST_LSC.SO007 ;

瞬間拷貝日誌已被廢棄

SQL> DROP MATERIALIZED VIEW LOG ON BEST_LSC.SO008 ;

瞬間拷貝日誌已被廢棄

SQL> DROP MATERIALIZED VIEW LOG ON BEST_LSC.SO009 ;

瞬間拷貝日誌已被廢棄

SQL> DROP MATERIALIZED VIEW LOG ON BEST_LSC.SO010 ;

瞬間拷貝日誌已被廢棄

SQL> 
SQL> 
SQL> 
SQL> 
SQL> prompt So011~So020
So011~So020
SQL> 
SQL> 
SQL> DROP MATERIALIZED VIEW LOG ON BEST_LSC.SO011 ;

瞬間拷貝日誌已被廢棄

SQL> DROP MATERIALIZED VIEW LOG ON BEST_LSC.SO012 ;

瞬間拷貝日誌已被廢棄

SQL> DROP MATERIALIZED VIEW LOG ON BEST_LSC.SO013 ;

瞬間拷貝日誌已被廢棄

SQL> DROP MATERIALIZED VIEW LOG ON BEST_LSC.SO014 ;

瞬間拷貝日誌已被廢棄

SQL> DROP MATERIALIZED VIEW LOG ON BEST_LSC.SO015 ;

瞬間拷貝日誌已被廢棄

SQL> DROP MATERIALIZED VIEW LOG ON BEST_LSC.SO016 ;

瞬間拷貝日誌已被廢棄

SQL> DROP MATERIALIZED VIEW LOG ON BEST_LSC.SO017 ;
DROP MATERIALIZED VIEW LOG ON BEST_LSC.SO017 
*
 ERROR 在行 1:
ORA-12002: 沒有快照日誌在表格 "BEST_LSC"."SO017" 


SQL> DROP MATERIALIZED VIEW LOG ON BEST_LSC.SO018 ;
DROP MATERIALIZED VIEW LOG ON BEST_LSC.SO018 
*
 ERROR 在行 1:
ORA-12002: 沒有快照日誌在表格 "BEST_LSC"."SO018" 


SQL> DROP MATERIALIZED VIEW LOG ON BEST_LSC.SO017A ;
DROP MATERIALIZED VIEW LOG ON BEST_LSC.SO017A 
*
 ERROR 在行 1:
ORA-12002: 沒有快照日誌在表格 "BEST_LSC"."SO017A" 


SQL> DROP MATERIALIZED VIEW LOG ON BEST_LSC.SO019 ;

瞬間拷貝日誌已被廢棄

SQL> DROP MATERIALIZED VIEW LOG ON BEST_LSC.SO020 ;

瞬間拷貝日誌已被廢棄

SQL> 
SQL> 
SQL> 
SQL> 
SQL> 
SQL> prompt So021~So030
So021~So030
SQL> 
SQL> 
SQL> DROP MATERIALIZED VIEW LOG ON BEST_LSC.SO021 ;

瞬間拷貝日誌已被廢棄

SQL> DROP MATERIALIZED VIEW LOG ON BEST_LSC.SO022 ;

瞬間拷貝日誌已被廢棄

SQL> DROP MATERIALIZED VIEW LOG ON BEST_LSC.SO023 ;

瞬間拷貝日誌已被廢棄

SQL> DROP MATERIALIZED VIEW LOG ON BEST_LSC.SO024 ;

瞬間拷貝日誌已被廢棄

SQL> DROP MATERIALIZED VIEW LOG ON BEST_LSC.SO025 ;

瞬間拷貝日誌已被廢棄

SQL> DROP MATERIALIZED VIEW LOG ON BEST_LSC.SO026 ;

瞬間拷貝日誌已被廢棄

SQL> DROP MATERIALIZED VIEW LOG ON BEST_LSC.SO027 ;

瞬間拷貝日誌已被廢棄

SQL> DROP MATERIALIZED VIEW LOG ON BEST_LSC.SO028 ;

瞬間拷貝日誌已被廢棄

SQL> DROP MATERIALIZED VIEW LOG ON BEST_LSC.SO029 ;

瞬間拷貝日誌已被廢棄

SQL> DROP MATERIALIZED VIEW LOG ON BEST_LSC.SO029A ;
DROP MATERIALIZED VIEW LOG ON BEST_LSC.SO029A 
*
 ERROR 在行 1:
ORA-12002: 沒有快照日誌在表格 "BEST_LSC"."SO029A" 


SQL> DROP MATERIALIZED VIEW LOG ON BEST_LSC.SO029T ;
DROP MATERIALIZED VIEW LOG ON BEST_LSC.SO029T 
*
 ERROR 在行 1:
ORA-12002: 沒有快照日誌在表格 "BEST_LSC"."SO029T" 


SQL> DROP MATERIALIZED VIEW LOG ON BEST_LSC.SO030 ;

瞬間拷貝日誌已被廢棄

SQL> DROP MATERIALIZED VIEW LOG ON BEST_LSC.SO030A ;

瞬間拷貝日誌已被廢棄

SQL> 
SQL> 
SQL> 
SQL> 
SQL> 
SQL> 
SQL> 
SQL> 
SQL> 
SQL> 
SQL> 
SQL> prompt  So031~So040
So031~So040
SQL> 
SQL> 
SQL> DROP MATERIALIZED VIEW LOG ON BEST_LSC.SO031 ;

瞬間拷貝日誌已被廢棄

SQL> DROP MATERIALIZED VIEW LOG ON BEST_LSC.SO032 ;

瞬間拷貝日誌已被廢棄

SQL> DROP MATERIALIZED VIEW LOG ON BEST_LSC.SO032BREAK ;
DROP MATERIALIZED VIEW LOG ON BEST_LSC.SO032BREAK 
*
 ERROR 在行 1:
ORA-12002: 沒有快照日誌在表格 "BEST_LSC"."SO032BREAK" 


SQL> DROP MATERIALIZED VIEW LOG ON BEST_LSC.SO033 ;
DROP MATERIALIZED VIEW LOG ON BEST_LSC.SO033 
*
 ERROR 在行 1:
ORA-12002: 沒有快照日誌在表格 "BEST_LSC"."SO033" 


SQL> DROP MATERIALIZED VIEW LOG ON BEST_LSC.SO034 ;

瞬間拷貝日誌已被廢棄

SQL> DROP MATERIALIZED VIEW LOG ON BEST_LSC.SO035 ;

瞬間拷貝日誌已被廢棄

SQL> DROP MATERIALIZED VIEW LOG ON BEST_LSC.SO036 ;

瞬間拷貝日誌已被廢棄

SQL> DROP MATERIALIZED VIEW LOG ON BEST_LSC.SO037 ;

瞬間拷貝日誌已被廢棄

SQL> DROP MATERIALIZED VIEW LOG ON BEST_LSC.SO038 ;

瞬間拷貝日誌已被廢棄

SQL> DROP MATERIALIZED VIEW LOG ON BEST_LSC.SO039 ;

瞬間拷貝日誌已被廢棄

SQL> DROP MATERIALIZED VIEW LOG ON BEST_LSC.SO040 ;

瞬間拷貝日誌已被廢棄

SQL> 
SQL> 
SQL> 
SQL> 
SQL> prompt So041~So080
So041~So080
SQL> 
SQL> 
SQL> DROP MATERIALIZED VIEW LOG ON BEST_LSC.SO041 ;

瞬間拷貝日誌已被廢棄

SQL> DROP MATERIALIZED VIEW LOG ON BEST_LSC.SO042 ;

瞬間拷貝日誌已被廢棄

SQL> DROP MATERIALIZED VIEW LOG ON BEST_LSC.SO043 ;

瞬間拷貝日誌已被廢棄

SQL> DROP MATERIALIZED VIEW LOG ON BEST_LSC.SO044 ;

瞬間拷貝日誌已被廢棄

SQL> DROP MATERIALIZED VIEW LOG ON BEST_LSC.SO045 ;

瞬間拷貝日誌已被廢棄

SQL> DROP MATERIALIZED VIEW LOG ON BEST_LSC.SO046 ;
DROP MATERIALIZED VIEW LOG ON BEST_LSC.SO046 
*
 ERROR 在行 1:
ORA-12002: 沒有快照日誌在表格 "BEST_LSC"."SO046" 


SQL> DROP MATERIALIZED VIEW LOG ON BEST_LSC.SO051 ;

瞬間拷貝日誌已被廢棄

SQL> DROP MATERIALIZED VIEW LOG ON BEST_LSC.SO052 ;

瞬間拷貝日誌已被廢棄

SQL> DROP MATERIALIZED VIEW LOG ON BEST_LSC.SO053 ;

瞬間拷貝日誌已被廢棄

SQL> DROP MATERIALIZED VIEW LOG ON BEST_LSC.SO054 ;

瞬間拷貝日誌已被廢棄

SQL> DROP MATERIALIZED VIEW LOG ON BEST_LSC.SO055 ;

瞬間拷貝日誌已被廢棄

SQL> DROP MATERIALIZED VIEW LOG ON BEST_LSC.SO059 ;

瞬間拷貝日誌已被廢棄

SQL> DROP MATERIALIZED VIEW LOG ON BEST_LSC.SO060 ;

瞬間拷貝日誌已被廢棄

SQL> DROP MATERIALIZED VIEW LOG ON BEST_LSC.SO061 ;

瞬間拷貝日誌已被廢棄

SQL> DROP MATERIALIZED VIEW LOG ON BEST_LSC.SO062 ;

瞬間拷貝日誌已被廢棄

SQL> DROP MATERIALIZED VIEW LOG ON BEST_LSC.SO063 ;

瞬間拷貝日誌已被廢棄

SQL> DROP MATERIALIZED VIEW LOG ON BEST_LSC.SO064 ;

瞬間拷貝日誌已被廢棄

SQL> DROP MATERIALIZED VIEW LOG ON BEST_LSC.SO065 ;

瞬間拷貝日誌已被廢棄

SQL> DROP MATERIALIZED VIEW LOG ON BEST_LSC.SO066 ;

瞬間拷貝日誌已被廢棄

SQL> DROP MATERIALIZED VIEW LOG ON BEST_LSC.SO067 ;

瞬間拷貝日誌已被廢棄

SQL> DROP MATERIALIZED VIEW LOG ON BEST_LSC.SO068 ;

瞬間拷貝日誌已被廢棄

SQL> DROP MATERIALIZED VIEW LOG ON BEST_LSC.SO069 ;

瞬間拷貝日誌已被廢棄

SQL> DROP MATERIALIZED VIEW LOG ON BEST_LSC.SO070 ;

瞬間拷貝日誌已被廢棄

SQL> DROP MATERIALIZED VIEW LOG ON BEST_LSC.SO071 ;

瞬間拷貝日誌已被廢棄

SQL> DROP MATERIALIZED VIEW LOG ON BEST_LSC.SO072 ;

瞬間拷貝日誌已被廢棄

SQL> DROP MATERIALIZED VIEW LOG ON BEST_LSC.SO073 ;

瞬間拷貝日誌已被廢棄

SQL> DROP MATERIALIZED VIEW LOG ON BEST_LSC.SO074 ;

瞬間拷貝日誌已被廢棄

SQL> DROP MATERIALIZED VIEW LOG ON BEST_LSC.SO075 ;

瞬間拷貝日誌已被廢棄

SQL> DROP MATERIALIZED VIEW LOG ON BEST_LSC.SO077 ;

瞬間拷貝日誌已被廢棄

SQL> DROP MATERIALIZED VIEW LOG ON BEST_LSC.SO079 ;

瞬間拷貝日誌已被廢棄

SQL> DROP MATERIALIZED VIEW LOG ON BEST_LSC.SO080 ;

瞬間拷貝日誌已被廢棄

SQL> 
SQL> 
SQL> 
SQL> 
SQL> 
SQL> 
SQL> 
SQL> DROP MATERIALIZED VIEW LOG ON BEST_LSC.SO081 ;

瞬間拷貝日誌已被廢棄

SQL> DROP MATERIALIZED VIEW LOG ON BEST_LSC.SO082 ;

瞬間拷貝日誌已被廢棄

SQL> DROP MATERIALIZED VIEW LOG ON BEST_LSC.SO083 ;

瞬間拷貝日誌已被廢棄

SQL> DROP MATERIALIZED VIEW LOG ON BEST_LSC.SO084 ;

瞬間拷貝日誌已被廢棄

SQL> DROP MATERIALIZED VIEW LOG ON BEST_LSC.SO085 ;

瞬間拷貝日誌已被廢棄

SQL> DROP MATERIALIZED VIEW LOG ON BEST_LSC.SO086 ;

瞬間拷貝日誌已被廢棄

SQL> DROP MATERIALIZED VIEW LOG ON BEST_LSC.SO087 ;

瞬間拷貝日誌已被廢棄

SQL> DROP MATERIALIZED VIEW LOG ON BEST_LSC.SO088 ;

瞬間拷貝日誌已被廢棄

SQL> DROP MATERIALIZED VIEW LOG ON BEST_LSC.SO089 ;

瞬間拷貝日誌已被廢棄

SQL> DROP MATERIALIZED VIEW LOG ON BEST_LSC.SO090 ;

瞬間拷貝日誌已被廢棄

SQL> DROP MATERIALIZED VIEW LOG ON BEST_LSC.SO091 ;

瞬間拷貝日誌已被廢棄

SQL> DROP MATERIALIZED VIEW LOG ON BEST_LSC.SO092 ;

瞬間拷貝日誌已被廢棄

SQL> DROP MATERIALIZED VIEW LOG ON BEST_LSC.SO093 ;

瞬間拷貝日誌已被廢棄

SQL> DROP MATERIALIZED VIEW LOG ON BEST_LSC.SO094 ;

瞬間拷貝日誌已被廢棄

SQL> DROP MATERIALIZED VIEW LOG ON BEST_LSC.SO096 ;

瞬間拷貝日誌已被廢棄

SQL> DROP MATERIALIZED VIEW LOG ON BEST_LSC.SO098 ;

瞬間拷貝日誌已被廢棄

SQL> DROP MATERIALIZED VIEW LOG ON BEST_LSC.SO099 ;

瞬間拷貝日誌已被廢棄

SQL> DROP MATERIALIZED VIEW LOG ON BEST_LSC.SO100 ;

瞬間拷貝日誌已被廢棄

SQL> 
SQL> 
SQL> 
SQL> 
SQL> prompt So101~So130
So101~So130
SQL> DROP MATERIALIZED VIEW LOG ON BEST_LSC.SO101 ;

瞬間拷貝日誌已被廢棄

SQL> DROP MATERIALIZED VIEW LOG ON BEST_LSC.SO102 ;

瞬間拷貝日誌已被廢棄

SQL> DROP MATERIALIZED VIEW LOG ON BEST_LSC.SO103 ;

瞬間拷貝日誌已被廢棄

SQL> DROP MATERIALIZED VIEW LOG ON BEST_LSC.SO104 ;

瞬間拷貝日誌已被廢棄

SQL> DROP MATERIALIZED VIEW LOG ON BEST_LSC.SO105 ;

瞬間拷貝日誌已被廢棄

SQL> DROP MATERIALIZED VIEW LOG ON BEST_LSC.SO105A ;
DROP MATERIALIZED VIEW LOG ON BEST_LSC.SO105A 
*
 ERROR 在行 1:
ORA-12002: 沒有快照日誌在表格 "BEST_LSC"."SO105A" 


SQL> DROP MATERIALIZED VIEW LOG ON BEST_LSC.SO105B ;
DROP MATERIALIZED VIEW LOG ON BEST_LSC.SO105B 
*
 ERROR 在行 1:
ORA-12002: 沒有快照日誌在表格 "BEST_LSC"."SO105B" 


SQL> DROP MATERIALIZED VIEW LOG ON BEST_LSC.SO105C ;
DROP MATERIALIZED VIEW LOG ON BEST_LSC.SO105C 
*
 ERROR 在行 1:
ORA-12002: 沒有快照日誌在表格 "BEST_LSC"."SO105C" 


SQL> DROP MATERIALIZED VIEW LOG ON BEST_LSC.SO105D ;
DROP MATERIALIZED VIEW LOG ON BEST_LSC.SO105D 
*
 ERROR 在行 1:
ORA-12002: 沒有快照日誌在表格 "BEST_LSC"."SO105D" 


SQL> 
SQL> DROP MATERIALIZED VIEW LOG ON BEST_LSC.SO106 ;

瞬間拷貝日誌已被廢棄

SQL> DROP MATERIALIZED VIEW LOG ON BEST_LSC.SO107 ;

瞬間拷貝日誌已被廢棄

SQL> DROP MATERIALIZED VIEW LOG ON BEST_LSC.SO109 ;

瞬間拷貝日誌已被廢棄

SQL> DROP MATERIALIZED VIEW LOG ON BEST_LSC.SO110 ;

瞬間拷貝日誌已被廢棄

SQL> DROP MATERIALIZED VIEW LOG ON BEST_LSC.SO111 ;

瞬間拷貝日誌已被廢棄

SQL> DROP MATERIALIZED VIEW LOG ON BEST_LSC.SO112 ;

瞬間拷貝日誌已被廢棄

SQL> DROP MATERIALIZED VIEW LOG ON BEST_LSC.SO113 ;

瞬間拷貝日誌已被廢棄

SQL> DROP MATERIALIZED VIEW LOG ON BEST_LSC.SO114 ;

瞬間拷貝日誌已被廢棄

SQL> DROP MATERIALIZED VIEW LOG ON BEST_LSC.SO115 ;

瞬間拷貝日誌已被廢棄

SQL> DROP MATERIALIZED VIEW LOG ON BEST_LSC.SO116 ;

瞬間拷貝日誌已被廢棄

SQL> DROP MATERIALIZED VIEW LOG ON BEST_LSC.SO117 ;

瞬間拷貝日誌已被廢棄

SQL> DROP MATERIALIZED VIEW LOG ON BEST_LSC.SO118 ;

瞬間拷貝日誌已被廢棄

SQL> DROP MATERIALIZED VIEW LOG ON BEST_LSC.SO119 ;

瞬間拷貝日誌已被廢棄

SQL> DROP MATERIALIZED VIEW LOG ON BEST_LSC.SO120 ;

瞬間拷貝日誌已被廢棄

SQL> DROP MATERIALIZED VIEW LOG ON BEST_LSC.SO121 ;

瞬間拷貝日誌已被廢棄

SQL> DROP MATERIALIZED VIEW LOG ON BEST_LSC.SO122 ;

瞬間拷貝日誌已被廢棄

SQL> DROP MATERIALIZED VIEW LOG ON BEST_LSC.SO123 ;

瞬間拷貝日誌已被廢棄

SQL> DROP MATERIALIZED VIEW LOG ON BEST_LSC.SO124 ;

瞬間拷貝日誌已被廢棄

SQL> DROP MATERIALIZED VIEW LOG ON BEST_LSC.SO126 ;

瞬間拷貝日誌已被廢棄

SQL> DROP MATERIALIZED VIEW LOG ON BEST_LSC.SO127 ;

瞬間拷貝日誌已被廢棄

SQL> DROP MATERIALIZED VIEW LOG ON BEST_LSC.SO128 ;

瞬間拷貝日誌已被廢棄

SQL> 
SQL> 
SQL> DROP MATERIALIZED VIEW LOG ON BEST_LSC.SO200 ;

瞬間拷貝日誌已被廢棄

SQL> DROP MATERIALIZED VIEW LOG ON BEST_LSC.SO201 ;

瞬間拷貝日誌已被廢棄

SQL> DROP MATERIALIZED VIEW LOG ON BEST_LSC.SO301A ;

瞬間拷貝日誌已被廢棄

SQL> DROP MATERIALIZED VIEW LOG ON BEST_LSC.SO301B ;

瞬間拷貝日誌已被廢棄

SQL> DROP MATERIALIZED VIEW LOG ON BEST_LSC.SO302A ;

瞬間拷貝日誌已被廢棄

SQL> DROP MATERIALIZED VIEW LOG ON BEST_LSC.SO302B ;

瞬間拷貝日誌已被廢棄

SQL> 
SQL> DROP MATERIALIZED VIEW LOG ON BEST_LSC.SO303 ;

瞬間拷貝日誌已被廢棄

SQL> DROP MATERIALIZED VIEW LOG ON BEST_LSC.SO304 ;
DROP MATERIALIZED VIEW LOG ON BEST_LSC.SO304 
*
 ERROR 在行 1:
ORA-12002: 沒有快照日誌在表格 "BEST_LSC"."SO304" 


SQL> DROP MATERIALIZED VIEW LOG ON BEST_LSC.SO501 ;

瞬間拷貝日誌已被廢棄

SQL> DROP MATERIALIZED VIEW LOG ON BEST_LSC.SO501A ;

瞬間拷貝日誌已被廢棄

SQL> DROP MATERIALIZED VIEW LOG ON BEST_LSC.SO501X ;

瞬間拷貝日誌已被廢棄

SQL> DROP MATERIALIZED VIEW LOG ON BEST_LSC.SO502 with  rowid;
DROP MATERIALIZED VIEW LOG ON BEST_LSC.SO502 with  rowid
                                             *
 ERROR 在行 1:
ORA-00933: SQL 命令的結束有問題 


SQL> DROP MATERIALIZED VIEW LOG ON BEST_LSC.SO502X ;

瞬間拷貝日誌已被廢棄

SQL> DROP MATERIALIZED VIEW LOG ON BEST_LSC.SO503 ;

瞬間拷貝日誌已被廢棄

SQL> DROP MATERIALIZED VIEW LOG ON BEST_LSC.SO505 ;
DROP MATERIALIZED VIEW LOG ON BEST_LSC.SO505 
*
 ERROR 在行 1:
ORA-12002: 沒有快照日誌在表格 "BEST_LSC"."SO505" 


SQL> DROP MATERIALIZED VIEW LOG ON BEST_LSC.SO506 ;
DROP MATERIALIZED VIEW LOG ON BEST_LSC.SO506 
*
 ERROR 在行 1:
ORA-12002: 沒有快照日誌在表格 "BEST_LSC"."SO506" 


SQL> DROP MATERIALIZED VIEW LOG ON BEST_LSC.SO506A ;
DROP MATERIALIZED VIEW LOG ON BEST_LSC.SO506A 
*
 ERROR 在行 1:
ORA-12002: 沒有快照日誌在表格 "BEST_LSC"."SO506A" 


SQL> 
SQL> 
SQL> prompt others
others
SQL> 
SQL> DROP MATERIALIZED VIEW LOG ON BEST_LSC.SOAC0101 ;

瞬間拷貝日誌已被廢棄

SQL> DROP MATERIALIZED VIEW LOG ON BEST_LSC.SOAC0102 ;

瞬間拷貝日誌已被廢棄

SQL> DROP MATERIALIZED VIEW LOG ON BEST_LSC.SOAC0103 ;

瞬間拷貝日誌已被廢棄

SQL> DROP MATERIALIZED VIEW LOG ON BEST_LSC.SOAC0201A ;

瞬間拷貝日誌已被廢棄

SQL> DROP MATERIALIZED VIEW LOG ON BEST_LSC.SOAC0201B ;

瞬間拷貝日誌已被廢棄

SQL> DROP MATERIALIZED VIEW LOG ON BEST_LSC.SOAC0201C ;

瞬間拷貝日誌已被廢棄

SQL> DROP MATERIALIZED VIEW LOG ON BEST_LSC.SOAC0201D ;

瞬間拷貝日誌已被廢棄

SQL> DROP MATERIALIZED VIEW LOG ON BEST_LSC.SOAC0201E ;

瞬間拷貝日誌已被廢棄

SQL> DROP MATERIALIZED VIEW LOG ON BEST_LSC.SOAC0202 ;

瞬間拷貝日誌已被廢棄

SQL> DROP MATERIALIZED VIEW LOG ON BEST_LSC.SOAC0203A ;

瞬間拷貝日誌已被廢棄

SQL> DROP MATERIALIZED VIEW LOG ON BEST_LSC.SOAC0203B ;

瞬間拷貝日誌已被廢棄

SQL> DROP MATERIALIZED VIEW LOG ON BEST_LSC.SOAC0204 ;

瞬間拷貝日誌已被廢棄

SQL> DROP MATERIALIZED VIEW LOG ON BEST_LSC.SOPOWER ;
DROP MATERIALIZED VIEW LOG ON BEST_LSC.SOPOWER 
*
 ERROR 在行 1:
ORA-12002: 沒有快照日誌在表格 "BEST_LSC"."SOPOWER" 


SQL> DROP MATERIALIZED VIEW LOG ON BEST_LSC.SO502 ;

瞬間拷貝日誌已被廢棄

SQL> DROP MATERIALIZED VIEW LOG ON BEST_LSC.SO504 ;

瞬間拷貝日誌已被廢棄

SQL> 
SQL> prompt 發票系統...
發票系統...
SQL> DROP MATERIALIZED VIEW LOG ON BEST_LSC.INV001;

瞬間拷貝日誌已被廢棄

SQL> DROP MATERIALIZED VIEW LOG ON BEST_LSC.INV002;

瞬間拷貝日誌已被廢棄

SQL> DROP MATERIALIZED VIEW LOG ON BEST_LSC.INV003;

瞬間拷貝日誌已被廢棄

SQL> DROP MATERIALIZED VIEW LOG ON BEST_LSC.INV004;

瞬間拷貝日誌已被廢棄

SQL> DROP MATERIALIZED VIEW LOG ON BEST_LSC.INV005;

瞬間拷貝日誌已被廢棄

SQL> DROP MATERIALIZED VIEW LOG ON BEST_LSC.INV006;

瞬間拷貝日誌已被廢棄

SQL> DROP MATERIALIZED VIEW LOG ON BEST_LSC.INV007;

瞬間拷貝日誌已被廢棄

SQL> DROP MATERIALIZED VIEW LOG ON BEST_LSC.INV008;

瞬間拷貝日誌已被廢棄

SQL> DROP MATERIALIZED VIEW LOG ON BEST_LSC.INV009;

瞬間拷貝日誌已被廢棄

SQL> DROP MATERIALIZED VIEW LOG ON BEST_LSC.INV010;

瞬間拷貝日誌已被廢棄

SQL> 
SQL> DROP MATERIALIZED VIEW LOG ON BEST_LSC.INV011;

瞬間拷貝日誌已被廢棄

SQL> DROP MATERIALIZED VIEW LOG ON BEST_LSC.INV012;

瞬間拷貝日誌已被廢棄

SQL> DROP MATERIALIZED VIEW LOG ON BEST_LSC.INV013;

瞬間拷貝日誌已被廢棄

SQL> DROP MATERIALIZED VIEW LOG ON BEST_LSC.INV014;

瞬間拷貝日誌已被廢棄

SQL> DROP MATERIALIZED VIEW LOG ON BEST_LSC.INV015;

瞬間拷貝日誌已被廢棄

SQL> DROP MATERIALIZED VIEW LOG ON BEST_LSC.INV016;

瞬間拷貝日誌已被廢棄

SQL> DROP MATERIALIZED VIEW LOG ON BEST_LSC.INV017;

瞬間拷貝日誌已被廢棄

SQL> DROP MATERIALIZED VIEW LOG ON BEST_LSC.INV018;

瞬間拷貝日誌已被廢棄

SQL> DROP MATERIALIZED VIEW LOG ON BEST_LSC.INV019;

瞬間拷貝日誌已被廢棄

SQL> DROP MATERIALIZED VIEW LOG ON BEST_LSC.INV020;

瞬間拷貝日誌已被廢棄

SQL> 
SQL> DROP MATERIALIZED VIEW LOG ON BEST_LSC.INV021;

瞬間拷貝日誌已被廢棄

SQL> DROP MATERIALIZED VIEW LOG ON BEST_LSC.INV022;

瞬間拷貝日誌已被廢棄

SQL> DROP MATERIALIZED VIEW LOG ON BEST_LSC.INV023;

瞬間拷貝日誌已被廢棄

SQL> DROP MATERIALIZED VIEW LOG ON BEST_LSC.INV024;

瞬間拷貝日誌已被廢棄

SQL> DROP MATERIALIZED VIEW LOG ON BEST_LSC.INV025;

瞬間拷貝日誌已被廢棄

SQL> DROP MATERIALIZED VIEW LOG ON BEST_LSC.INV026;

瞬間拷貝日誌已被廢棄

SQL> DROP MATERIALIZED VIEW LOG ON BEST_LSC.INV027;

瞬間拷貝日誌已被廢棄

SQL> 
SQL> DROP MATERIALIZED VIEW LOG ON BEST_LSC.INV031;

瞬間拷貝日誌已被廢棄

SQL> DROP MATERIALIZED VIEW LOG ON BEST_LSC.INV032;

瞬間拷貝日誌已被廢棄

SQL> DROP MATERIALIZED VIEW LOG ON BEST_LSC.INV033;

瞬間拷貝日誌已被廢棄

SQL> DROP MATERIALIZED VIEW LOG ON BEST_LSC.INV099;

瞬間拷貝日誌已被廢棄

SQL> 
SQL> 
SQL> prompt 完成時間
完成時間
SQL> select to_char(sysdate,'YYYY/MM/DD HH24:MI:SS') TIME from dual;

TIME                                                                            
-------------------                                                             
2003/11/07 09:09:59                                                             

SQL> 
SQL> spool off
